// Jest Snapshot v1, https://goo.gl/fbAQLP

exports[`<BlogEntry /> tests renders a snapshot of a blog entry 1`] = `null`;
